
> xiantu@0.1.0 prebuild:local
> npm run content:prepare


> xiantu@0.1.0 content:prepare
> node scripts/prepare-content.mjs

内容包校验完成：8 个故事节点，3 张故事图片、6 张 NPC 图集。下载模板已同步。
头像 123 张已核对人物、原立绘、取景和文件摘要。
新版美术 257 张：129 张立绘、19 个地点；存档内容锁不变。
展示图片 393 张，共 75746762 字节；原始画稿与官方游戏内容锁保持原值。
已登记 5 个精确锁定的支线包。

> xiantu@0.1.0 build:local
> vinext build


  vinext build  (Vite 8.0.13)

[1/5] analyze client references...
[2K
transforming...(node:86190) ExperimentalWarning: glob is an experimental feature and might change at any time
(Use `node --trace-warnings ...` to show where the warning was created)
✓ 188 modules transformed.
rendering chunks...
✓ built in 408ms
[2/5] analyze server references...
[2K
transforming...✓ 323 modules transformed.
rendering chunks...
✓ built in 352ms
[3/5] build rsc environment...
[2K
transforming...✓ 194 modules transformed.
rendering chunks...
computing gzip size...
✓ built in 441ms
[4/5] build client environment...
[2K
transforming...✓ 2116 modules transformed.
rendering chunks...
computing gzip size...
[plugin builtin:vite-reporter] 
(!) Some chunks are larger than 500 kB after minification. Consider:
- Using dynamic import() to code-split the application
- Use build.rolldownOptions.output.codeSplitting to improve chunking: https://rolldown.rs/reference/OutputOptions.codeSplitting
- Adjust chunk size limit for this warning via build.chunkSizeWarningLimit.
✓ built in 1.25s
[5/5] build ssr environment...
[2K
transforming...✓ 329 modules transformed.
rendering chunks...
computing gzip size...
✓ built in 397ms
[0m
  Route (app)
  ┌ ? /                  
  ├ λ /api/model-settings
  ├ λ /api/negotiation   
  ├ λ /api/portraits     
  └ ? /author            

  λ API  ? Unknown

  ? Some routes could not be classified. vinext currently uses static analysis
    and cannot detect dynamic API usage (headers(), cookies(), etc.) at build time.
    Automatic classification will be improved in a future release.

  Build complete. Run `vinext start` to start the production server.


> xiantu@0.1.0 postbuild:local
> node scripts/prepare-offline.mjs

离线核心 65029b6f953607006cc9: 18 个文件（HTML在安装时原子缓存），保留最近两版。
